<?xml version="1.0" encoding="ISO-8859-1" ?>
<link_info>
   <banner>TI ARM Clang Linker PC v3.2.1.LTS</banner>
   <copyright>Copyright (c) 1996-2018 Texas Instruments Incorporated</copyright>
   <link_time>0x66271713</link_time>
   <link_errors>0x0</link_errors>
   <output_file>C:\Users\r0b0h\code\TI_MSPM0\MSPM0_ValvanoWare\ECE319K_Lab9\Debug\ECE319K_Lab9.out</output_file>
   <entry_point>
      <name>_c_int00_noargs</name>
      <address>0x52f5</address>
   </entry_point>
   <input_file_list>
      <input_file id="fl-1">
         <path>C:\Users\r0b0h\code\TI_MSPM0\MSPM0_ValvanoWare\ECE319K_Lab9\Debug\.\</path>
         <kind>object</kind>
         <file>ADC1.o</file>
         <name>ADC1.o</name>
      </input_file>
      <input_file id="fl-2">
         <path>C:\Users\r0b0h\code\TI_MSPM0\MSPM0_ValvanoWare\ECE319K_Lab9\Debug\.\</path>
         <kind>object</kind>
         <file>Clock.o</file>
         <name>Clock.o</name>
      </input_file>
      <input_file id="fl-3">
         <path>C:\Users\r0b0h\code\TI_MSPM0\MSPM0_ValvanoWare\ECE319K_Lab9\Debug\.\</path>
         <kind>object</kind>
         <file>DAC5.o</file>
         <name>DAC5.o</name>
      </input_file>
      <input_file id="fl-4">
         <path>C:\Users\r0b0h\code\TI_MSPM0\MSPM0_ValvanoWare\ECE319K_Lab9\Debug\.\</path>
         <kind>object</kind>
         <file>LED.o</file>
         <name>LED.o</name>
      </input_file>
      <input_file id="fl-5">
         <path>C:\Users\r0b0h\code\TI_MSPM0\MSPM0_ValvanoWare\ECE319K_Lab9\Debug\.\</path>
         <kind>object</kind>
         <file>Lab9Main.o</file>
         <name>Lab9Main.o</name>
      </input_file>
      <input_file id="fl-6">
         <path>C:\Users\r0b0h\code\TI_MSPM0\MSPM0_ValvanoWare\ECE319K_Lab9\Debug\.\</path>
         <kind>object</kind>
         <file>LaunchPad.o</file>
         <name>LaunchPad.o</name>
      </input_file>
      <input_file id="fl-7">
         <path>C:\Users\r0b0h\code\TI_MSPM0\MSPM0_ValvanoWare\ECE319K_Lab9\Debug\.\</path>
         <kind>object</kind>
         <file>SPI.o</file>
         <name>SPI.o</name>
      </input_file>
      <input_file id="fl-8">
         <path>C:\Users\r0b0h\code\TI_MSPM0\MSPM0_ValvanoWare\ECE319K_Lab9\Debug\.\</path>
         <kind>object</kind>
         <file>ST7735.o</file>
         <name>ST7735.o</name>
      </input_file>
      <input_file id="fl-9">
         <path>C:\Users\r0b0h\code\TI_MSPM0\MSPM0_ValvanoWare\ECE319K_Lab9\Debug\.\</path>
         <kind>object</kind>
         <file>SmallFont.o</file>
         <name>SmallFont.o</name>
      </input_file>
      <input_file id="fl-a">
         <path>C:\Users\r0b0h\code\TI_MSPM0\MSPM0_ValvanoWare\ECE319K_Lab9\Debug\.\</path>
         <kind>object</kind>
         <file>Sound.o</file>
         <name>Sound.o</name>
      </input_file>
      <input_file id="fl-b">
         <path>C:\Users\r0b0h\code\TI_MSPM0\MSPM0_ValvanoWare\ECE319K_Lab9\Debug\.\</path>
         <kind>object</kind>
         <file>Switch.o</file>
         <name>Switch.o</name>
      </input_file>
      <input_file id="fl-c">
         <path>C:\Users\r0b0h\code\TI_MSPM0\MSPM0_ValvanoWare\ECE319K_Lab9\Debug\.\</path>
         <kind>object</kind>
         <file>TExaS.o</file>
         <name>TExaS.o</name>
      </input_file>
      <input_file id="fl-d">
         <path>C:\Users\r0b0h\code\TI_MSPM0\MSPM0_ValvanoWare\ECE319K_Lab9\Debug\.\</path>
         <kind>object</kind>
         <file>Timer.o</file>
         <name>Timer.o</name>
      </input_file>
      <input_file id="fl-e">
         <path>C:\Users\r0b0h\code\TI_MSPM0\MSPM0_ValvanoWare\ECE319K_Lab9\Debug\.\images\pipedreams\</path>
         <kind>object</kind>
         <file>PipeSound.o</file>
         <name>PipeSound.o</name>
      </input_file>
      <input_file id="fl-f">
         <path>C:\Users\r0b0h\code\TI_MSPM0\MSPM0_ValvanoWare\ECE319K_Lab9\Debug\.\ticlang\</path>
         <kind>object</kind>
         <file>startup_mspm0g3507_ticlang.o</file>
         <name>startup_mspm0g3507_ticlang.o</name>
      </input_file>
      <input_file id="fl-1b">
         <path>C:\Users\r0b0h\code\TI_MSPM0\MSPM0_ValvanoWare\ECE319K_Lab9\Debug\</path>
         <kind>object</kind>
         <file>&lt;internal&gt;</file>
         <name>&lt;internal&gt;</name>
      </input_file>
      <input_file id="fl-2a">
         <path>C:\ti\ccs1260\ccs\tools\compiler\ti-cgt-armllvm_3.2.1.LTS\lib\armv6m-ti-none-eabi\c\</path>
         <kind>archive</kind>
         <file>libc.a</file>
         <name>printf.c.obj</name>
      </input_file>
      <input_file id="fl-2b">
         <path>C:\ti\ccs1260\ccs\tools\compiler\ti-cgt-armllvm_3.2.1.LTS\lib\armv6m-ti-none-eabi\c\</path>
         <kind>archive</kind>
         <file>libc.a</file>
         <name>_printfi.c.obj</name>
      </input_file>
      <input_file id="fl-2c">
         <path>C:\ti\ccs1260\ccs\tools\compiler\ti-cgt-armllvm_3.2.1.LTS\lib\armv6m-ti-none-eabi\c\</path>
         <kind>archive</kind>
         <file>libc.a</file>
         <name>fopen.c.obj</name>
      </input_file>
      <input_file id="fl-2d">
         <path>C:\ti\ccs1260\ccs\tools\compiler\ti-cgt-armllvm_3.2.1.LTS\lib\armv6m-ti-none-eabi\c\</path>
         <kind>archive</kind>
         <file>libc.a</file>
         <name>fputc.c.obj</name>
      </input_file>
      <input_file id="fl-2e">
         <path>C:\ti\ccs1260\ccs\tools\compiler\ti-cgt-armllvm_3.2.1.LTS\lib\armv6m-ti-none-eabi\c\</path>
         <kind>archive</kind>
         <file>libc.a</file>
         <name>fputs.c.obj</name>
      </input_file>
      <input_file id="fl-2f">
         <path>C:\ti\ccs1260\ccs\tools\compiler\ti-cgt-armllvm_3.2.1.LTS\lib\armv6m-ti-none-eabi\c\</path>
         <kind>archive</kind>
         <file>libc.a</file>
         <name>_io_perm.c.obj</name>
      </input_file>
      <input_file id="fl-30">
         <path>C:\ti\ccs1260\ccs\tools\compiler\ti-cgt-armllvm_3.2.1.LTS\lib\armv6m-ti-none-eabi\c\</path>
         <kind>archive</kind>
         <file>libc.a</file>
         <name>setvbuf.c.obj</name>
      </input_file>
      <input_file id="fl-31">
         <path>C:\ti\ccs1260\ccs\tools\compiler\ti-cgt-armllvm_3.2.1.LTS\lib\armv6m-ti-none-eabi\c\</path>
         <kind>archive</kind>
         <file>libc.a</file>
         <name>s_frexp.c.obj</name>
      </input_file>
      <input_file id="fl-32">
         <path>C:\ti\ccs1260\ccs\tools\compiler\ti-cgt-armllvm_3.2.1.LTS\lib\armv6m-ti-none-eabi\c\</path>
         <kind>archive</kind>
         <file>libc.a</file>
         <name>s_scalbn.c.obj</name>
      </input_file>
      <input_file id="fl-33">
         <path>C:\ti\ccs1260\ccs\tools\compiler\ti-cgt-armllvm_3.2.1.LTS\lib\armv6m-ti-none-eabi\c\</path>
         <kind>archive</kind>
         <file>libc.a</file>
         <name>aeabi_portable.c.obj</name>
      </input_file>
      <input_file id="fl-34">
         <path>C:\ti\ccs1260\ccs\tools\compiler\ti-cgt-armllvm_3.2.1.LTS\lib\armv6m-ti-none-eabi\c\</path>
         <kind>archive</kind>
         <file>libc.a</file>
         <name>exit.c.obj</name>
      </input_file>
      <input_file id="fl-35">
         <path>C:\ti\ccs1260\ccs\tools\compiler\ti-cgt-armllvm_3.2.1.LTS\lib\armv6m-ti-none-eabi\c\</path>
         <kind>archive</kind>
         <file>libc.a</file>
         <name>_lock.c.obj</name>
      </input_file>
      <input_file id="fl-36">
         <path>C:\ti\ccs1260\ccs\tools\compiler\ti-cgt-armllvm_3.2.1.LTS\lib\armv6m-ti-none-eabi\c\</path>
         <kind>archive</kind>
         <file>libc.a</file>
         <name>_ltoa.c.obj</name>
      </input_file>
      <input_file id="fl-37">
         <path>C:\ti\ccs1260\ccs\tools\compiler\ti-cgt-armllvm_3.2.1.LTS\lib\armv6m-ti-none-eabi\c\</path>
         <kind>archive</kind>
         <file>libc.a</file>
         <name>assert.c.obj</name>
      </input_file>
      <input_file id="fl-38">
         <path>C:\ti\ccs1260\ccs\tools\compiler\ti-cgt-armllvm_3.2.1.LTS\lib\armv6m-ti-none-eabi\c\</path>
         <kind>archive</kind>
         <file>libc.a</file>
         <name>atoi.c.obj</name>
      </input_file>
      <input_file id="fl-39">
         <path>C:\ti\ccs1260\ccs\tools\compiler\ti-cgt-armllvm_3.2.1.LTS\lib\armv6m-ti-none-eabi\c\</path>
         <kind>archive</kind>
         <file>libc.a</file>
         <name>defs.c.obj</name>
      </input_file>
      <input_file id="fl-3a">
         <path>C:\ti\ccs1260\ccs\tools\compiler\ti-cgt-armllvm_3.2.1.LTS\lib\armv6m-ti-none-eabi\c\</path>
         <kind>archive</kind>
         <file>libc.a</file>
         <name>memccpy.c.obj</name>
      </input_file>
      <input_file id="fl-3b">
         <path>C:\ti\ccs1260\ccs\tools\compiler\ti-cgt-armllvm_3.2.1.LTS\lib\armv6m-ti-none-eabi\c\</path>
         <kind>archive</kind>
         <file>libc.a</file>
         <name>memory.c.obj</name>
      </input_file>
      <input_file id="fl-3c">
         <path>C:\ti\ccs1260\ccs\tools\compiler\ti-cgt-armllvm_3.2.1.LTS\lib\armv6m-ti-none-eabi\c\</path>
         <kind>archive</kind>
         <file>libc.a</file>
         <name>abs.c.obj</name>
      </input_file>
      <input_file id="fl-3d">
         <path>C:\ti\ccs1260\ccs\tools\compiler\ti-cgt-armllvm_3.2.1.LTS\lib\armv6m-ti-none-eabi\c\</path>
         <kind>archive</kind>
         <file>libc.a</file>
         <name>copy_zero_init.c.obj</name>
      </input_file>
      <input_file id="fl-3e">
         <path>C:\ti\ccs1260\ccs\tools\compiler\ti-cgt-armllvm_3.2.1.LTS\lib\armv6m-ti-none-eabi\c\</path>
         <kind>archive</kind>
         <file>libc.a</file>
         <name>copy_decompress_none.c.obj</name>
      </input_file>
      <input_file id="fl-3f">
         <path>C:\ti\ccs1260\ccs\tools\compiler\ti-cgt-armllvm_3.2.1.LTS\lib\armv6m-ti-none-eabi\c\</path>
         <kind>archive</kind>
         <file>libc.a</file>
         <name>copy_decompress_lzss.c.obj</name>
      </input_file>
      <input_file id="fl-40">
         <path>C:\ti\ccs1260\ccs\tools\compiler\ti-cgt-armllvm_3.2.1.LTS\lib\armv6m-ti-none-eabi\c\</path>
         <kind>archive</kind>
         <file>libc.a</file>
         <name>boot_cortex_m.c.obj</name>
      </input_file>
      <input_file id="fl-41">
         <path>C:\ti\ccs1260\ccs\tools\compiler\ti-cgt-armllvm_3.2.1.LTS\lib\armv6m-ti-none-eabi\c\</path>
         <kind>archive</kind>
         <file>libc.a</file>
         <name>mathacl_init.c.obj</name>
      </input_file>
      <input_file id="fl-42">
         <path>C:\ti\ccs1260\ccs\tools\compiler\ti-cgt-armllvm_3.2.1.LTS\lib\armv6m-ti-none-eabi\c\</path>
         <kind>archive</kind>
         <file>libc.a</file>
         <name>wcslen.c.obj</name>
      </input_file>
      <input_file id="fl-43">
         <path>C:\ti\ccs1260\ccs\tools\compiler\ti-cgt-armllvm_3.2.1.LTS\lib\armv6m-ti-none-eabi\c\</path>
         <kind>archive</kind>
         <file>libc.a</file>
         <name>sprintf.c.obj</name>
      </input_file>
      <input_file id="fl-44">
         <path>C:\ti\ccs1260\ccs\tools\compiler\ti-cgt-armllvm_3.2.1.LTS\lib\armv6m-ti-none-eabi\c\</path>
         <kind>archive</kind>
         <file>libc.a</file>
         <name>fclose.c.obj</name>
      </input_file>
      <input_file id="fl-45">
         <path>C:\ti\ccs1260\ccs\tools\compiler\ti-cgt-armllvm_3.2.1.LTS\lib\armv6m-ti-none-eabi\c\</path>
         <kind>archive</kind>
         <file>libc.a</file>
         <name>fflush.c.obj</name>
      </input_file>
      <input_file id="fl-46">
         <path>C:\ti\ccs1260\ccs\tools\compiler\ti-cgt-armllvm_3.2.1.LTS\lib\armv6m-ti-none-eabi\c\</path>
         <kind>archive</kind>
         <file>libc.a</file>
         <name>fseek.c.obj</name>
      </input_file>
      <input_file id="fl-47">
         <path>C:\ti\ccs1260\ccs\tools\compiler\ti-cgt-armllvm_3.2.1.LTS\lib\armv6m-ti-none-eabi\c\</path>
         <kind>archive</kind>
         <file>libc.a</file>
         <name>aeabi_ctype.S.obj</name>
      </input_file>
      <input_file id="fl-48">
         <path>C:\ti\ccs1260\ccs\tools\compiler\ti-cgt-armllvm_3.2.1.LTS\lib\armv6m-ti-none-eabi\c\</path>
         <kind>archive</kind>
         <file>libc.a</file>
         <name>args_main.c.obj</name>
      </input_file>
      <input_file id="fl-49">
         <path>C:\ti\ccs1260\ccs\tools\compiler\ti-cgt-armllvm_3.2.1.LTS\lib\armv6m-ti-none-eabi\c\</path>
         <kind>archive</kind>
         <file>libc.a</file>
         <name>autoinit.c.obj</name>
      </input_file>
      <input_file id="fl-4a">
         <path>C:\ti\ccs1260\ccs\tools\compiler\ti-cgt-armllvm_3.2.1.LTS\lib\armv6m-ti-none-eabi\c\</path>
         <kind>archive</kind>
         <file>libc.a</file>
         <name>pre_init.c.obj</name>
      </input_file>
      <input_file id="fl-4b">
         <path>C:\ti\ccs1260\ccs\tools\compiler\ti-cgt-armllvm_3.2.1.LTS\lib\armv6m-ti-none-eabi\c\</path>
         <kind>archive</kind>
         <file>libc.a</file>
         <name>cpy_tbl.c.obj</name>
      </input_file>
      <input_file id="fl-b1">
         <path>C:\ti\ccs1260\ccs\tools\compiler\ti-cgt-armllvm_3.2.1.LTS\lib\armv6m-ti-none-eabi\c\</path>
         <kind>archive</kind>
         <file>libsysbm.a</file>
         <name>write.c.obj</name>
      </input_file>
      <input_file id="fl-b2">
         <path>C:\ti\ccs1260\ccs\tools\compiler\ti-cgt-armllvm_3.2.1.LTS\lib\armv6m-ti-none-eabi\c\</path>
         <kind>archive</kind>
         <file>libsysbm.a</file>
         <name>host_device.c.obj</name>
      </input_file>
      <input_file id="fl-b3">
         <path>C:\ti\ccs1260\ccs\tools\compiler\ti-cgt-armllvm_3.2.1.LTS\lib\armv6m-ti-none-eabi\c\</path>
         <kind>archive</kind>
         <file>libsysbm.a</file>
         <name>remove.c.obj</name>
      </input_file>
      <input_file id="fl-b4">
         <path>C:\ti\ccs1260\ccs\tools\compiler\ti-cgt-armllvm_3.2.1.LTS\lib\armv6m-ti-none-eabi\c\</path>
         <kind>archive</kind>
         <file>libsysbm.a</file>
         <name>open.c.obj</name>
      </input_file>
      <input_file id="fl-b5">
         <path>C:\ti\ccs1260\ccs\tools\compiler\ti-cgt-armllvm_3.2.1.LTS\lib\armv6m-ti-none-eabi\c\</path>
         <kind>archive</kind>
         <file>libsysbm.a</file>
         <name>lseek.c.obj</name>
      </input_file>
      <input_file id="fl-b6">
         <path>C:\ti\ccs1260\ccs\tools\compiler\ti-cgt-armllvm_3.2.1.LTS\lib\armv6m-ti-none-eabi\c\</path>
         <kind>archive</kind>
         <file>libsysbm.a</file>
         <name>close.c.obj</name>
      </input_file>
      <input_file id="fl-b7">
         <path>C:\ti\ccs1260\ccs\tools\compiler\ti-cgt-armllvm_3.2.1.LTS\lib\armv6m-ti-none-eabi\c\</path>
         <kind>archive</kind>
         <file>libsysbm.a</file>
         <name>add_device.c.obj</name>
      </input_file>
      <input_file id="fl-b8">
         <path>C:\ti\ccs1260\ccs\tools\compiler\ti-cgt-armllvm_3.2.1.LTS\lib\armv6m-ti-none-eabi\c\</path>
         <kind>archive</kind>
         <file>libsysbm.a</file>
         <name>unlink.c.obj</name>
      </input_file>
      <input_file id="fl-b9">
         <path>C:\ti\ccs1260\ccs\tools\compiler\ti-cgt-armllvm_3.2.1.LTS\lib\armv6m-ti-none-eabi\c\</path>
         <kind>archive</kind>
         <file>libsysbm.a</file>
         <name>hostclose.c.obj</name>
      </input_file>
      <input_file id="fl-ba">
         <path>C:\ti\ccs1260\ccs\tools\compiler\ti-cgt-armllvm_3.2.1.LTS\lib\armv6m-ti-none-eabi\c\</path>
         <kind>archive</kind>
         <file>libsysbm.a</file>
         <name>hostlseek.c.obj</name>
      </input_file>
      <input_file id="fl-bb">
         <path>C:\ti\ccs1260\ccs\tools\compiler\ti-cgt-armllvm_3.2.1.LTS\lib\armv6m-ti-none-eabi\c\</path>
         <kind>archive</kind>
         <file>libsysbm.a</file>
         <name>hostopen.c.obj</name>
      </input_file>
      <input_file id="fl-bc">
         <path>C:\ti\ccs1260\ccs\tools\compiler\ti-cgt-armllvm_3.2.1.LTS\lib\armv6m-ti-none-eabi\c\</path>
         <kind>archive</kind>
         <file>libsysbm.a</file>
         <name>hostread.c.obj</name>
      </input_file>
      <input_file id="fl-bd">
         <path>C:\ti\ccs1260\ccs\tools\compiler\ti-cgt-armllvm_3.2.1.LTS\lib\armv6m-ti-none-eabi\c\</path>
         <kind>archive</kind>
         <file>libsysbm.a</file>
         <name>hostrename.c.obj</name>
      </input_file>
      <input_file id="fl-be">
         <path>C:\ti\ccs1260\ccs\tools\compiler\ti-cgt-armllvm_3.2.1.LTS\lib\armv6m-ti-none-eabi\c\</path>
         <kind>archive</kind>
         <file>libsysbm.a</file>
         <name>hostunlink.c.obj</name>
      </input_file>
      <input_file id="fl-bf">
         <path>C:\ti\ccs1260\ccs\tools\compiler\ti-cgt-armllvm_3.2.1.LTS\lib\armv6m-ti-none-eabi\c\</path>
         <kind>archive</kind>
         <file>libsysbm.a</file>
         <name>hostwrite.c.obj</name>
      </input_file>
      <input_file id="fl-c0">
         <path>C:\ti\ccs1260\ccs\tools\compiler\ti-cgt-armllvm_3.2.1.LTS\lib\armv6m-ti-none-eabi\c\</path>
         <kind>archive</kind>
         <file>libsysbm.a</file>
         <name>trgmsg.c.obj</name>
      </input_file>
      <input_file id="fl-c1">
         <path>C:\ti\ccs1260\ccs\tools\compiler\ti-cgt-armllvm_3.2.1.LTS\lib\clang\15.0.7\lib\armv6m-ti-none-eabi\</path>
         <kind>archive</kind>
         <file>libclang_rt.builtins.a</file>
         <name>adddf3.S.obj</name>
      </input_file>
      <input_file id="fl-c2">
         <path>C:\ti\ccs1260\ccs\tools\compiler\ti-cgt-armllvm_3.2.1.LTS\lib\clang\15.0.7\lib\armv6m-ti-none-eabi\</path>
         <kind>archive</kind>
         <file>libclang_rt.builtins.a</file>
         <name>muldf3.S.obj</name>
      </input_file>
      <input_file id="fl-c3">
         <path>C:\ti\ccs1260\ccs\tools\compiler\ti-cgt-armllvm_3.2.1.LTS\lib\clang\15.0.7\lib\armv6m-ti-none-eabi\</path>
         <kind>archive</kind>
         <file>libclang_rt.builtins.a</file>
         <name>muldsi3.S.obj</name>
      </input_file>
      <input_file id="fl-c4">
         <path>C:\ti\ccs1260\ccs\tools\compiler\ti-cgt-armllvm_3.2.1.LTS\lib\clang\15.0.7\lib\armv6m-ti-none-eabi\</path>
         <kind>archive</kind>
         <file>libclang_rt.builtins.a</file>
         <name>divdf3.S.obj</name>
      </input_file>
      <input_file id="fl-c5">
         <path>C:\ti\ccs1260\ccs\tools\compiler\ti-cgt-armllvm_3.2.1.LTS\lib\clang\15.0.7\lib\armv6m-ti-none-eabi\</path>
         <kind>archive</kind>
         <file>libclang_rt.builtins.a</file>
         <name>fixdfsi.S.obj</name>
      </input_file>
      <input_file id="fl-c6">
         <path>C:\ti\ccs1260\ccs\tools\compiler\ti-cgt-armllvm_3.2.1.LTS\lib\clang\15.0.7\lib\armv6m-ti-none-eabi\</path>
         <kind>archive</kind>
         <file>libclang_rt.builtins.a</file>
         <name>fixunsdfsi.S.obj</name>
      </input_file>
      <input_file id="fl-c7">
         <path>C:\ti\ccs1260\ccs\tools\compiler\ti-cgt-armllvm_3.2.1.LTS\lib\clang\15.0.7\lib\armv6m-ti-none-eabi\</path>
         <kind>archive</kind>
         <file>libclang_rt.builtins.a</file>
         <name>floatsidf.S.obj</name>
      </input_file>
      <input_file id="fl-c8">
         <path>C:\ti\ccs1260\ccs\tools\compiler\ti-cgt-armllvm_3.2.1.LTS\lib\clang\15.0.7\lib\armv6m-ti-none-eabi\</path>
         <kind>archive</kind>
         <file>libclang_rt.builtins.a</file>
         <name>floatunsidf.S.obj</name>
      </input_file>
      <input_file id="fl-c9">
         <path>C:\ti\ccs1260\ccs\tools\compiler\ti-cgt-armllvm_3.2.1.LTS\lib\clang\15.0.7\lib\armv6m-ti-none-eabi\</path>
         <kind>archive</kind>
         <file>libclang_rt.builtins.a</file>
         <name>muldi3.S.obj</name>
      </input_file>
      <input_file id="fl-ca">
         <path>C:\ti\ccs1260\ccs\tools\compiler\ti-cgt-armllvm_3.2.1.LTS\lib\clang\15.0.7\lib\armv6m-ti-none-eabi\</path>
         <kind>archive</kind>
         <file>libclang_rt.builtins.a</file>
         <name>truncdfsf2.S.obj</name>
      </input_file>
      <input_file id="fl-cb">
         <path>C:\ti\ccs1260\ccs\tools\compiler\ti-cgt-armllvm_3.2.1.LTS\lib\clang\15.0.7\lib\armv6m-ti-none-eabi\</path>
         <kind>archive</kind>
         <file>libclang_rt.builtins.a</file>
         <name>aeabi_dcmp.S.obj</name>
      </input_file>
      <input_file id="fl-cc">
         <path>C:\ti\ccs1260\ccs\tools\compiler\ti-cgt-armllvm_3.2.1.LTS\lib\clang\15.0.7\lib\armv6m-ti-none-eabi\</path>
         <kind>archive</kind>
         <file>libclang_rt.builtins.a</file>
         <name>aeabi_idivmod.S.obj</name>
      </input_file>
      <input_file id="fl-cd">
         <path>C:\ti\ccs1260\ccs\tools\compiler\ti-cgt-armllvm_3.2.1.LTS\lib\clang\15.0.7\lib\armv6m-ti-none-eabi\</path>
         <kind>archive</kind>
         <file>libclang_rt.builtins.a</file>
         <name>aeabi_memcpy.S.obj</name>
      </input_file>
      <input_file id="fl-ce">
         <path>C:\ti\ccs1260\ccs\tools\compiler\ti-cgt-armllvm_3.2.1.LTS\lib\clang\15.0.7\lib\armv6m-ti-none-eabi\</path>
         <kind>archive</kind>
         <file>libclang_rt.builtins.a</file>
         <name>aeabi_memset.S.obj</name>
      </input_file>
      <input_file id="fl-cf">
         <path>C:\ti\ccs1260\ccs\tools\compiler\ti-cgt-armllvm_3.2.1.LTS\lib\clang\15.0.7\lib\armv6m-ti-none-eabi\</path>
         <kind>archive</kind>
         <file>libclang_rt.builtins.a</file>
         <name>aeabi_uidivmod.S.obj</name>
      </input_file>
      <input_file id="fl-d0">
         <path>C:\ti\ccs1260\ccs\tools\compiler\ti-cgt-armllvm_3.2.1.LTS\lib\clang\15.0.7\lib\armv6m-ti-none-eabi\</path>
         <kind>archive</kind>
         <file>libclang_rt.builtins.a</file>
         <name>aeabi_uldivmod.S.obj</name>
      </input_file>
      <input_file id="fl-d1">
         <path>C:\ti\ccs1260\ccs\tools\compiler\ti-cgt-armllvm_3.2.1.LTS\lib\clang\15.0.7\lib\armv6m-ti-none-eabi\</path>
         <kind>archive</kind>
         <file>libclang_rt.builtins.a</file>
         <name>udivmoddi4.S.obj</name>
      </input_file>
      <input_file id="fl-d2">
         <path>C:\ti\ccs1260\ccs\tools\compiler\ti-cgt-armllvm_3.2.1.LTS\lib\clang\15.0.7\lib\armv6m-ti-none-eabi\</path>
         <kind>archive</kind>
         <file>libclang_rt.builtins.a</file>
         <name>ashldi3.S.obj</name>
      </input_file>
      <input_file id="fl-d3">
         <path>C:\ti\ccs1260\ccs\tools\compiler\ti-cgt-armllvm_3.2.1.LTS\lib\clang\15.0.7\lib\armv6m-ti-none-eabi\</path>
         <kind>archive</kind>
         <file>libclang_rt.builtins.a</file>
         <name>comparedf2.c.obj</name>
      </input_file>
      <input_file id="fl-d4">
         <path>C:\ti\ccs1260\ccs\tools\compiler\ti-cgt-armllvm_3.2.1.LTS\lib\clang\15.0.7\lib\armv6m-ti-none-eabi\</path>
         <kind>archive</kind>
         <file>libclang_rt.builtins.a</file>
         <name>aeabi_div0.c.obj</name>
      </input_file>
      <input_file id="fl-d5">
         <path>C:\ti\ccs1260\ccs\tools\compiler\ti-cgt-armllvm_3.2.1.LTS\lib\armv6m-ti-none-eabi\c\</path>
         <kind>archive</kind>
         <file>libc.a</file>
         <name>getdevice.c.obj</name>
      </input_file>
      <input_file id="fl-d6">
         <path>C:\ti\ccs1260\ccs\tools\compiler\ti-cgt-armllvm_3.2.1.LTS\lib\armv6m-ti-none-eabi\c\</path>
         <kind>archive</kind>
         <file>libc.a</file>
         <name>memcpy16.S.obj</name>
      </input_file>
      <input_file id="fl-d7">
         <path>C:\ti\ccs1260\ccs\tools\compiler\ti-cgt-armllvm_3.2.1.LTS\lib\armv6m-ti-none-eabi\c\</path>
         <kind>archive</kind>
         <file>libc.a</file>
         <name>memset16.S.obj</name>
      </input_file>
   </input_file_list>
   <object_component_list>
      <object_component id="oc-18">
         <name>.intvecs</name>
         <load_address>0x0</load_address>
         <readonly>true</readonly>
         <run_address>0x0</run_address>
         <size>0xc0</size>
         <alignment>0x4</alignment>
         <input_file_ref idref="fl-f"/>
      </object_component>
      <object_component id="oc-bf">
         <name>.text.GameLoop</name>
         <load_address>0xc0</load_address>
         <readonly>true</readonly>
         <executable>true</executable>
         <run_address>0xc0</run_address>
         <size>0x2894</size>
         <alignment>0x4</alignment>
         <input_file_ref idref="fl-5"/>
      </object_component>
      <object_component id="oc-91">
         <name>.text.main</name>
         <load_address>0x2954</load_address>
         <readonly>true</readonly>
         <executable>true</executable>
         <run_address>0x2954</run_address>
         <size>0x43c</size>
         <alignment>0x4</alignment>
         <input_file_ref idref="fl-5"/>
      </object_component>
      <object_component id="oc-1ad">
         <name>.text:__TI_printfi_minimal</name>
         <load_address>0x2d90</load_address>
         <readonly>true</readonly>
         <executable>true</executable>
         <run_address>0x2d90</run_address>
         <size>0x284</size>
         <alignment>0x4</alignment>
         <input_file_ref idref="fl-2b"/>
      </object_component>
      <object_component id="oc-be">
         <name>.text.ST7735_DrawBitmap</name>
         <load_address>0x3014</load_address>
         <readonly>true</readonly>
         <executable>true</executable>
         <run_address>0x3014</run_address>
         <size>0x210</size>
         <alignment>0x4</alignment>
         <input_file_ref idref="fl-8"/>
      </object_component>
      <object_component id="oc-100">
         <name>.text.Clock_Init80MHz</name>
         <load_address>0x3224</load_address>
         <readonly>true</readonly>
         <executable>true</executable>
         <run_address>0x3224</run_address>
         <size>0x1b4</size>
         <alignment>0x4</alignment>
         <input_file_ref idref="fl-2"/>
      </object_component>
      <object_component id="oc-19a">
         <name>.text.ST7735_DrawCharS</name>
         <load_address>0x33d8</load_address>
         <readonly>true</readonly>
         <executable>true</executable>
         <run_address>0x33d8</run_address>
         <size>0x1a0</size>
         <alignment>0x4</alignment>
         <input_file_ref idref="fl-8"/>
      </object_component>
      <object_component id="oc-186">
         <name>.text._openfile</name>
         <load_address>0x3578</load_address>
         <readonly>true</readonly>
         <executable>true</executable>
         <run_address>0x3578</run_address>
         <size>0x160</size>
         <alignment>0x4</alignment>
         <input_file_ref idref="fl-2c"/>
      </object_component>
      <object_component id="oc-208">
         <name>.text.aligned_alloc</name>
         <load_address>0x36d8</load_address>
         <readonly>true</readonly>
         <executable>true</executable>
         <run_address>0x36d8</run_address>
         <size>0x12c</size>
         <alignment>0x4</alignment>
         <input_file_ref idref="fl-3b"/>
      </object_component>
      <object_component id="oc-129">
         <name>.text.ST7735_FillRect</name>
         <load_address>0x3804</load_address>
         <readonly>true</readonly>
         <executable>true</executable>
         <run_address>0x3804</run_address>
         <size>0x118</size>
         <alignment>0x4</alignment>
         <input_file_ref idref="fl-8"/>
      </object_component>
      <object_component id="oc-14e">
         <name>.text.__divdf3</name>
         <load_address>0x391c</load_address>
         <readonly>true</readonly>
         <executable>true</executable>
         <run_address>0x391c</run_address>
         <size>0x10c</size>
         <alignment>0x4</alignment>
         <input_file_ref idref="fl-c4"/>
      </object_component>
      <object_component id="oc-1bb">
         <name>.text.fputs</name>
         <load_address>0x3a28</load_address>
         <readonly>true</readonly>
         <executable>true</executable>
         <run_address>0x3a28</run_address>
         <size>0x104</size>
         <alignment>0x4</alignment>
         <input_file_ref idref="fl-2e"/>
      </object_component>
      <object_component id="oc-1ca">
         <name>.text.SPI_Init</name>
         <load_address>0x3b2c</load_address>
         <readonly>true</readonly>
         <executable>true</executable>
         <run_address>0x3b2c</run_address>
         <size>0xf8</size>
         <alignment>0x4</alignment>
         <input_file_ref idref="fl-7"/>
      </object_component>
      <object_component id="oc-10b">
         <name>.text.add_device</name>
         <load_address>0x3c24</load_address>
         <readonly>true</readonly>
         <executable>true</executable>
         <run_address>0x3c24</run_address>
         <size>0xec</size>
         <alignment>0x4</alignment>
         <input_file_ref idref="fl-b7"/>
      </object_component>
      <object_component id="oc-18f">
         <name>.text.free</name>
         <load_address>0x3d10</load_address>
         <readonly>true</readonly>
         <executable>true</executable>
         <run_address>0x3d10</run_address>
         <size>0xec</size>
         <alignment>0x4</alignment>
         <input_file_ref idref="fl-3b"/>
      </object_component>
      <object_component id="oc-116">
         <name>.text.setvbuf</name>
         <load_address>0x3dfc</load_address>
         <readonly>true</readonly>
         <executable>true</executable>
         <run_address>0x3dfc</run_address>
         <size>0xdc</size>
         <alignment>0x4</alignment>
         <input_file_ref idref="fl-30"/>
      </object_component>
      <object_component id="oc-12e">
         <name>.text.ST7735_OutChar</name>
         <load_address>0x3ed8</load_address>
         <readonly>true</readonly>
         <executable>true</executable>
         <run_address>0x3ed8</run_address>
         <size>0xd0</size>
         <alignment>0x4</alignment>
         <input_file_ref idref="fl-8"/>
      </object_component>
      <object_component id="oc-1f0">
         <name>.text.open</name>
         <load_address>0x3fa8</load_address>
         <readonly>true</readonly>
         <executable>true</executable>
         <run_address>0x3fa8</run_address>
         <size>0xa8</size>
         <alignment>0x4</alignment>
         <input_file_ref idref="fl-b4"/>
      </object_component>
      <object_component id="oc-16f">
         <name>.text.commandList</name>
         <load_address>0x4050</load_address>
         <readonly>true</readonly>
         <executable>true</executable>
         <run_address>0x4050</run_address>
         <size>0xa2</size>
         <alignment>0x2</alignment>
         <input_file_ref idref="fl-8"/>
      </object_component>
      <object_component id="oc-20c">
         <name>.text.__aeabi_idiv0</name>
         <load_address>0x40f2</load_address>
         <readonly>true</readonly>
         <executable>true</executable>
         <run_address>0x40f2</run_address>
         <size>0x2</size>
         <alignment>0x2</alignment>
         <input_file_ref idref="fl-d4"/>
      </object_component>
      <object_component id="oc-b5">
         <name>.text.ST7735_InitPrintf</name>
         <load_address>0x40f4</load_address>
         <readonly>true</readonly>
         <executable>true</executable>
         <run_address>0x40f4</run_address>
         <size>0x9c</size>
         <alignment>0x4</alignment>
         <input_file_ref idref="fl-8"/>
      </object_component>
      <object_component id="oc-1c1">
         <name>.text.fputc</name>
         <load_address>0x4190</load_address>
         <readonly>true</readonly>
         <executable>true</executable>
         <run_address>0x4190</run_address>
         <size>0x9c</size>
         <alignment>0x4</alignment>
         <input_file_ref idref="fl-2d"/>
      </object_component>
      <object_component id="oc-10a">
         <name>.text.ST7735_InitR</name>
         <load_address>0x422c</load_address>
         <readonly>true</readonly>
         <executable>true</executable>
         <run_address>0x422c</run_address>
         <size>0x98</size>
         <alignment>0x4</alignment>
         <input_file_ref idref="fl-8"/>
      </object_component>
      <object_component id="oc-137">
         <name>.text.TimerG12_IntArm</name>
         <load_address>0x42c4</load_address>
         <readonly>true</readonly>
         <executable>true</executable>
         <run_address>0x42c4</run_address>
         <size>0x94</size>
         <alignment>0x4</alignment>
         <input_file_ref idref="fl-d"/>
      </object_component>
      <object_component id="oc-12f">
         <name>.text.setAddrWindow</name>
         <load_address>0x4358</load_address>
         <readonly>true</readonly>
         <executable>true</executable>
         <run_address>0x4358</run_address>
         <size>0x88</size>
         <alignment>0x4</alignment>
         <input_file_ref idref="fl-8"/>
      </object_component>
      <object_component id="oc-199">
         <name>.text.ST7735_DrawString</name>
         <load_address>0x43e0</load_address>
         <readonly>true</readonly>
         <executable>true</executable>
         <run_address>0x43e0</run_address>
         <size>0x84</size>
         <alignment>0x2</alignment>
         <input_file_ref idref="fl-8"/>
      </object_component>
      <object_component id="oc-ab">
         <name>.text.LaunchPad_Init</name>
         <load_address>0x4464</load_address>
         <readonly>true</readonly>
         <executable>true</executable>
         <run_address>0x4464</run_address>
         <size>0x7c</size>
         <alignment>0x4</alignment>
         <input_file_ref idref="fl-6"/>
      </object_component>
      <object_component id="oc-189">
         <name>.text.__TI_closefile</name>
         <load_address>0x44e0</load_address>
         <readonly>true</readonly>
         <executable>true</executable>
         <run_address>0x44e0</run_address>
         <size>0x7c</size>
         <alignment>0x4</alignment>
         <input_file_ref idref="fl-44"/>
      </object_component>
      <object_component id="oc-136">
         <name>.text.ADCinit</name>
         <load_address>0x455c</load_address>
         <readonly>true</readonly>
         <executable>true</executable>
         <run_address>0x455c</run_address>
         <size>0x78</size>
         <alignment>0x4</alignment>
         <input_file_ref idref="fl-1"/>
      </object_component>
      <object_component id="oc-1c">
         <name>.text:decompress:lzss</name>
         <load_address>0x45d4</load_address>
         <readonly>true</readonly>
         <executable>true</executable>
         <run_address>0x45d4</run_address>
         <size>0x78</size>
         <alignment>0x4</alignment>
         <input_file_ref idref="fl-3f"/>
      </object_component>
      <object_component id="oc-209">
         <name>.text.ST7735_DrawPixel</name>
         <load_address>0x464c</load_address>
         <readonly>true</readonly>
         <executable>true</executable>
         <run_address>0x464c</run_address>
         <size>0x70</size>
         <alignment>0x4</alignment>
         <input_file_ref idref="fl-8"/>
      </object_component>
      <object_component id="oc-1de">
         <name>.text.HOSTlseek</name>
         <load_address>0x46bc</load_address>
         <readonly>true</readonly>
         <executable>true</executable>
         <run_address>0x46bc</run_address>
         <size>0x6c</size>
         <alignment>0x4</alignment>
         <input_file_ref idref="fl-ba"/>
      </object_component>
      <object_component id="oc-1e6">
         <name>.text.HOSTrename</name>
         <load_address>0x4728</load_address>
         <readonly>true</readonly>
         <executable>true</executable>
         <run_address>0x4728</run_address>
         <size>0x6c</size>
         <alignment>0x4</alignment>
         <input_file_ref idref="fl-bd"/>
      </object_component>
      <object_component id="oc-2ee">
         <name>.text.fseeko</name>
         <load_address>0x4794</load_address>
         <readonly>true</readonly>
         <executable>true</executable>
         <run_address>0x4794</run_address>
         <size>0x6c</size>
         <alignment>0x4</alignment>
         <input_file_ref idref="fl-46"/>
      </object_component>
      <object_component id="oc-267">
         <name>.text.getdevice</name>
         <load_address>0x4800</load_address>
         <readonly>true</readonly>
         <executable>true</executable>
         <run_address>0x4800</run_address>
         <size>0x68</size>
         <alignment>0x4</alignment>
         <input_file_ref idref="fl-d5"/>
      </object_component>
      <object_component id="oc-239">
         <name>.text.__TI_wrt_ok</name>
         <load_address>0x4868</load_address>
         <readonly>true</readonly>
         <executable>true</executable>
         <run_address>0x4868</run_address>
         <size>0x64</size>
         <alignment>0x2</alignment>
         <input_file_ref idref="fl-2f"/>
      </object_component>
      <object_component id="oc-27a">
         <name>.text.split</name>
         <load_address>0x48cc</load_address>
         <readonly>true</readonly>
         <executable>true</executable>
         <run_address>0x48cc</run_address>
         <size>0x64</size>
         <alignment>0x4</alignment>
         <input_file_ref idref="fl-3b"/>
      </object_component>
      <object_component id="oc-1ce">
         <name>.text.HOSTopen</name>
         <load_address>0x4930</load_address>
         <readonly>true</readonly>
         <executable>true</executable>
         <run_address>0x4930</run_address>
         <size>0x60</size>
         <alignment>0x4</alignment>
         <input_file_ref idref="fl-bb"/>
      </object_component>
      <object_component id="oc-19f">
         <name>.text.DAC5_Init</name>
         <load_address>0x4990</load_address>
         <readonly>true</readonly>
         <executable>true</executable>
         <run_address>0x4990</run_address>
         <size>0x5c</size>
         <alignment>0x4</alignment>
         <input_file_ref idref="fl-3"/>
      </object_component>
      <object_component id="oc-c0">
         <name>.text.printf</name>
         <load_address>0x49ec</load_address>
         <readonly>true</readonly>
         <executable>true</executable>
         <run_address>0x49ec</run_address>
         <size>0x5c</size>
         <alignment>0x4</alignment>
         <input_file_ref idref="fl-2a"/>
      </object_component>
      <object_component id="oc-1d6">
         <name>.text.HOSTread</name>
         <load_address>0x4a48</load_address>
         <readonly>true</readonly>
         <executable>true</executable>
         <run_address>0x4a48</run_address>
         <size>0x58</size>
         <alignment>0x4</alignment>
         <input_file_ref idref="fl-bc"/>
      </object_component>
      <object_component id="oc-1da">
         <name>.text.HOSTwrite</name>
         <load_address>0x4aa0</load_address>
         <readonly>true</readonly>
         <executable>true</executable>
         <run_address>0x4aa0</run_address>
         <size>0x58</size>
         <alignment>0x4</alignment>
         <input_file_ref idref="fl-bf"/>
      </object_component>
      <object_component id="oc-41">
         <name>.text.TIMG12_IRQHandler</name>
         <load_address>0x4af8</load_address>
         <readonly>true</readonly>
         <executable>true</executable>
         <run_address>0x4af8</run_address>
         <size>0x58</size>
         <alignment>0x4</alignment>
         <input_file_ref idref="fl-5"/>
      </object_component>
      <object_component id="oc-1f4">
         <name>.text.__TI_doflush</name>
         <load_address>0x4b50</load_address>
         <readonly>true</readonly>
         <executable>true</executable>
         <run_address>0x4b50</run_address>
         <size>0x52</size>
         <alignment>0x2</alignment>
         <input_file_ref idref="fl-45"/>
      </object_component>
      <object_component id="oc-1b5">
         <name>.text._nop</name>
         <load_address>0x4ba2</load_address>
         <readonly>true</readonly>
         <executable>true</executable>
         <run_address>0x4ba2</run_address>
         <size>0x2</size>
         <alignment>0x2</alignment>
         <input_file_ref idref="fl-35"/>
      </object_component>
      <object_component id="oc-1fa">
         <name>.text.close</name>
         <load_address>0x4ba4</load_address>
         <readonly>true</readonly>
         <executable>true</executable>
         <run_address>0x4ba4</run_address>
         <size>0x50</size>
         <alignment>0x4</alignment>
         <input_file_ref idref="fl-b6"/>
      </object_component>
      <object_component id="oc-1d2">
         <name>.text.HOSTclose</name>
         <load_address>0x4bf4</load_address>
         <readonly>true</readonly>
         <executable>true</executable>
         <run_address>0x4bf4</run_address>
         <size>0x48</size>
         <alignment>0x4</alignment>
         <input_file_ref idref="fl-b9"/>
      </object_component>
      <object_component id="oc-1e2">
         <name>.text.HOSTunlink</name>
         <load_address>0x4c3c</load_address>
         <readonly>true</readonly>
         <executable>true</executable>
         <run_address>0x4c3c</run_address>
         <size>0x48</size>
         <alignment>0x4</alignment>
         <input_file_ref idref="fl-be"/>
      </object_component>
      <object_component id="oc-170">
         <name>.text.SPI_OutCommand</name>
         <load_address>0x4c84</load_address>
         <readonly>true</readonly>
         <executable>true</executable>
         <run_address>0x4c84</run_address>
         <size>0x48</size>
         <alignment>0x4</alignment>
         <input_file_ref idref="fl-7"/>
      </object_component>
      <object_component id="oc-7a">
         <name>.text.ADCin</name>
         <load_address>0x4ccc</load_address>
         <readonly>true</readonly>
         <executable>true</executable>
         <run_address>0x4ccc</run_address>
         <size>0x44</size>
         <alignment>0x4</alignment>
         <input_file_ref idref="fl-1"/>
      </object_component>
      <object_component id="oc-37">
         <name>.text.SysTick_Handler</name>
         <load_address>0x4d10</load_address>
         <readonly>true</readonly>
         <executable>true</executable>
         <run_address>0x4d10</run_address>
         <size>0x44</size>
         <alignment>0x4</alignment>
         <input_file_ref idref="fl-a"/>
      </object_component>
      <object_component id="oc-19e">
         <name>.text.SysTick_IntArm</name>
         <load_address>0x4d54</load_address>
         <readonly>true</readonly>
         <executable>true</executable>
         <run_address>0x4d54</run_address>
         <size>0x44</size>
         <alignment>0x4</alignment>
         <input_file_ref idref="fl-a"/>
      </object_component>
      <object_component id="oc-152">
         <name>.text.__fixunsdfsi</name>
         <load_address>0x4d98</load_address>
         <readonly>true</readonly>
         <executable>true</executable>
         <run_address>0x4d98</run_address>
         <size>0x42</size>
         <alignment>0x4</alignment>
         <input_file_ref idref="fl-c6"/>
      </object_component>
      <object_component id="oc-248">
         <name>.text.SPI_Reset</name>
         <load_address>0x4ddc</load_address>
         <readonly>true</readonly>
         <executable>true</executable>
         <run_address>0x4ddc</run_address>
         <size>0x40</size>
         <alignment>0x4</alignment>
         <input_file_ref idref="fl-7"/>
      </object_component>
      <object_component id="oc-3c">
         <name>.text.TIMG7_IRQHandler</name>
         <load_address>0x4e1c</load_address>
         <readonly>true</readonly>
         <executable>true</executable>
         <run_address>0x4e1c</run_address>
         <size>0x40</size>
         <alignment>0x4</alignment>
         <input_file_ref idref="fl-c"/>
      </object_component>
      <object_component id="oc-1a5">
         <name>.text.__aeabi_uidivmod</name>
         <load_address>0x4e5c</load_address>
         <readonly>true</readonly>
         <executable>true</executable>
         <run_address>0x4e5c</run_address>
         <size>0x40</size>
         <alignment>0x4</alignment>
         <input_file_ref idref="fl-cf"/>
      </object_component>
      <object_component id="oc-185">
         <name>.text._search_fp</name>
         <load_address>0x4e9c</load_address>
         <readonly>true</readonly>
         <executable>true</executable>
         <run_address>0x4e9c</run_address>
         <size>0x40</size>
         <alignment>0x4</alignment>
         <input_file_ref idref="fl-2c"/>
      </object_component>
      <object_component id="oc-e7">
         <name>.text:__TI_auto_init_nobinit_nopinit</name>
         <load_address>0x4edc</load_address>
         <readonly>true</readonly>
         <executable>true</executable>
         <run_address>0x4edc</run_address>
         <size>0x3c</size>
         <alignment>0x4</alignment>
         <input_file_ref idref="fl-49"/>
      </object_component>
      <object_component id="oc-105">
         <name>.text.ActivatePortA_B</name>
         <load_address>0x4f18</load_address>
         <readonly>true</readonly>
         <executable>true</executable>
         <run_address>0x4f18</run_address>
         <size>0x38</size>
         <alignment>0x4</alignment>
         <input_file_ref idref="fl-6"/>
      </object_component>
      <object_component id="oc-130">
         <name>.text.SPI_OutData</name>
         <load_address>0x4f50</load_address>
         <readonly>true</readonly>
         <executable>true</executable>
         <run_address>0x4f50</run_address>
         <size>0x38</size>
         <alignment>0x4</alignment>
         <input_file_ref idref="fl-7"/>
      </object_component>
      <object_component id="oc-1a2">
         <name>.text.Sound_Start</name>
         <load_address>0x4f88</load_address>
         <readonly>true</readonly>
         <executable>true</executable>
         <run_address>0x4f88</run_address>
         <size>0x38</size>
         <alignment>0x4</alignment>
         <input_file_ref idref="fl-a"/>
      </object_component>
      <object_component id="oc-179">
         <name>.text.finddevice</name>
         <load_address>0x4fc0</load_address>
         <readonly>true</readonly>
         <executable>true</executable>
         <run_address>0x4fc0</run_address>
         <size>0x38</size>
         <alignment>0x4</alignment>
         <input_file_ref idref="fl-d5"/>
      </object_component>
      <object_component id="oc-1cb">
         <name>.text.Clock_Delay1ms</name>
         <load_address>0x4ff8</load_address>
         <readonly>true</readonly>
         <executable>true</executable>
         <run_address>0x4ff8</run_address>
         <size>0x34</size>
         <alignment>0x4</alignment>
         <input_file_ref idref="fl-2"/>
      </object_component>
      <object_component id="oc-bb">
         <name>.text.ST7735_SetCursor</name>
         <load_address>0x502c</load_address>
         <readonly>true</readonly>
         <executable>true</executable>
         <run_address>0x502c</run_address>
         <size>0x34</size>
         <alignment>0x4</alignment>
         <input_file_ref idref="fl-8"/>
      </object_component>
      <object_component id="oc-11d">
         <name>.text.ST7735_write</name>
         <load_address>0x5060</load_address>
         <readonly>true</readonly>
         <executable>true</executable>
         <run_address>0x5060</run_address>
         <size>0x34</size>
         <alignment>0x2</alignment>
         <input_file_ref idref="fl-8"/>
      </object_component>
      <object_component id="oc-192">
         <name>.text.__TI_cleanup</name>
         <load_address>0x5094</load_address>
         <readonly>true</readonly>
         <executable>true</executable>
         <run_address>0x5094</run_address>
         <size>0x34</size>
         <alignment>0x4</alignment>
         <input_file_ref idref="fl-2c"/>
      </object_component>
      <object_component id="oc-24f">
         <name>.text.__TI_readmsg</name>
         <load_address>0x50c8</load_address>
         <readonly>true</readonly>
         <executable>true</executable>
         <run_address>0x50c8</run_address>
         <size>0x34</size>
         <alignment>0x4</alignment>
         <input_file_ref idref="fl-c0"/>
      </object_component>
      <object_component id="oc-249">
         <name>.text.__TI_writemsg</name>
         <load_address>0x50fc</load_address>
         <readonly>true</readonly>
         <executable>true</executable>
         <run_address>0x50fc</run_address>
         <size>0x34</size>
         <alignment>0x4</alignment>
         <input_file_ref idref="fl-c0"/>
      </object_component>
      <object_component id="oc-e5">
         <name>.text.exit</name>
         <load_address>0x5130</load_address>
         <readonly>true</readonly>
         <executable>true</executable>
         <run_address>0x5130</run_address>
         <size>0x34</size>
         <alignment>0x4</alignment>
         <input_file_ref idref="fl-34"/>
      </object_component>
      <object_component id="oc-115">
         <name>.text.freopen</name>
         <load_address>0x5164</load_address>
         <readonly>true</readonly>
         <executable>true</executable>
         <run_address>0x5164</run_address>
         <size>0x34</size>
         <alignment>0x4</alignment>
         <input_file_ref idref="fl-2c"/>
      </object_component>
      <object_component id="oc-16e">
         <name>.text.commonInit</name>
         <load_address>0x5198</load_address>
         <readonly>true</readonly>
         <executable>true</executable>
         <run_address>0x5198</run_address>
         <size>0x30</size>
         <alignment>0x4</alignment>
         <input_file_ref idref="fl-8"/>
      </object_component>
      <object_component id="oc-10f">
         <name>.text.fopen</name>
         <load_address>0x51c8</load_address>
         <readonly>true</readonly>
         <executable>true</executable>
         <run_address>0x51c8</run_address>
         <size>0x30</size>
         <alignment>0x4</alignment>
         <input_file_ref idref="fl-2c"/>
      </object_component>
      <object_component id="oc-ba">
         <name>.text.ST7735_FillScreen</name>
         <load_address>0x51f8</load_address>
         <readonly>true</readonly>
         <executable>true</executable>
         <run_address>0x51f8</run_address>
         <size>0x2c</size>
         <alignment>0x4</alignment>
         <input_file_ref idref="fl-8"/>
      </object_component>
      <object_component id="oc-135">
         <name>.text.Sound_Init</name>
         <load_address>0x5224</load_address>
         <readonly>true</readonly>
         <executable>true</executable>
         <run_address>0x5224</run_address>
         <size>0x2c</size>
         <alignment>0x4</alignment>
         <input_file_ref idref="fl-a"/>
      </object_component>
      <object_component id="oc-272">
         <name>.text.unlink</name>
         <load_address>0x5250</load_address>
         <readonly>true</readonly>
         <executable>true</executable>
         <run_address>0x5250</run_address>
         <size>0x2c</size>
         <alignment>0x4</alignment>
         <input_file_ref idref="fl-b8"/>
      </object_component>
      <object_component id="oc-207">
         <name>.text.free_list_insert</name>
         <load_address>0x527c</load_address>
         <readonly>true</readonly>
         <executable>true</executable>
         <run_address>0x527c</run_address>
         <size>0x28</size>
         <alignment>0x4</alignment>
         <input_file_ref idref="fl-3b"/>
      </object_component>
      <object_component id="oc-2f3">
         <name>.text.lseek</name>
         <load_address>0x52a4</load_address>
         <readonly>true</readonly>
         <executable>true</executable>
         <run_address>0x52a4</run_address>
         <size>0x28</size>
         <alignment>0x4</alignment>
         <input_file_ref idref="fl-b5"/>
      </object_component>
      <object_component id="oc-23f">
         <name>.text.write</name>
         <load_address>0x52cc</load_address>
         <readonly>true</readonly>
         <executable>true</executable>
         <run_address>0x52cc</run_address>
         <size>0x28</size>
         <alignment>0x4</alignment>
         <input_file_ref idref="fl-b1"/>
      </object_component>
      <object_component id="oc-61">
         <name>.text:_c_int00_noargs</name>
         <load_address>0x52f4</load_address>
         <readonly>true</readonly>
         <executable>true</executable>
         <run_address>0x52f4</run_address>
         <size>0x28</size>
         <alignment>0x4</alignment>
         <input_file_ref idref="fl-40"/>
      </object_component>
      <object_component id="oc-bc">
         <name>.text.ST7735_OutString</name>
         <load_address>0x531c</load_address>
         <readonly>true</readonly>
         <executable>true</executable>
         <run_address>0x531c</run_address>
         <size>0x26</size>
         <alignment>0x2</alignment>
         <input_file_ref idref="fl-8"/>
      </object_component>
      <object_component id="oc-14a">
         <name>.text.__floatunsidf</name>
         <load_address>0x5344</load_address>
         <readonly>true</readonly>
         <executable>true</executable>
         <run_address>0x5344</run_address>
         <size>0x24</size>
         <alignment>0x4</alignment>
         <input_file_ref idref="fl-c8"/>
      </object_component>
      <object_component id="oc-214">
         <name>.text.memccpy</name>
         <load_address>0x5368</load_address>
         <readonly>true</readonly>
         <executable>true</executable>
         <run_address>0x5368</run_address>
         <size>0x22</size>
         <alignment>0x2</alignment>
         <input_file_ref idref="fl-3a"/>
      </object_component>
      <object_component id="oc-1a4">
         <name>.text.Random32</name>
         <load_address>0x538c</load_address>
         <readonly>true</readonly>
         <executable>true</executable>
         <run_address>0x538c</run_address>
         <size>0x20</size>
         <alignment>0x4</alignment>
         <input_file_ref idref="fl-5"/>
      </object_component>
      <object_component id="oc-27c">
         <name>.text.pushColor</name>
         <load_address>0x53ac</load_address>
         <readonly>true</readonly>
         <executable>true</executable>
         <run_address>0x53ac</run_address>
         <size>0x1e</size>
         <alignment>0x2</alignment>
         <input_file_ref idref="fl-8"/>
      </object_component>
      <object_component id="oc-6d">
         <name>.text.DAC5_Out</name>
         <load_address>0x53cc</load_address>
         <readonly>true</readonly>
         <executable>true</executable>
         <run_address>0x53cc</run_address>
         <size>0x1c</size>
         <alignment>0x4</alignment>
         <input_file_ref idref="fl-3"/>
      </object_component>
      <object_component id="oc-205">
         <name>.text.free_list_remove</name>
         <load_address>0x53e8</load_address>
         <readonly>true</readonly>
         <executable>true</executable>
         <run_address>0x53e8</run_address>
         <size>0x1c</size>
         <alignment>0x4</alignment>
         <input_file_ref idref="fl-3b"/>
      </object_component>
      <object_component id="oc-149">
         <name>.text.Convert</name>
         <load_address>0x5404</load_address>
         <readonly>true</readonly>
         <executable>true</executable>
         <run_address>0x5404</run_address>
         <size>0x18</size>
         <alignment>0x4</alignment>
         <input_file_ref idref="fl-1"/>
      </object_component>
      <object_component id="oc-13d">
         <name>.text.Random</name>
         <load_address>0x541c</load_address>
         <readonly>true</readonly>
         <executable>true</executable>
         <run_address>0x541c</run_address>
         <size>0x18</size>
         <alignment>0x2</alignment>
         <input_file_ref idref="fl-5"/>
      </object_component>
      <object_component id="oc-b0">
         <name>.text.Switch_Init</name>
         <load_address>0x5434</load_address>
         <readonly>true</readonly>
         <executable>true</executable>
         <run_address>0x5434</run_address>
         <size>0x18</size>
         <alignment>0x4</alignment>
         <input_file_ref idref="fl-b"/>
      </object_component>
      <object_component id="oc-120">
         <name>.text.ST7735_open</name>
         <load_address>0x544c</load_address>
         <readonly>true</readonly>
         <executable>true</executable>
         <run_address>0x544c</run_address>
         <size>0x16</size>
         <alignment>0x2</alignment>
         <input_file_ref idref="fl-8"/>
      </object_component>
      <object_component id="oc-11e">
         <name>.text.ST7735_read</name>
         <load_address>0x5462</load_address>
         <readonly>true</readonly>
         <executable>true</executable>
         <run_address>0x5462</run_address>
         <size>0x16</size>
         <alignment>0x2</alignment>
         <input_file_ref idref="fl-8"/>
      </object_component>
      <object_component id="oc-58">
         <name>.text:decompress:ZI:__TI_zero_init_nomemset</name>
         <load_address>0x5478</load_address>
         <readonly>true</readonly>
         <executable>true</executable>
         <run_address>0x5478</run_address>
         <size>0x16</size>
         <alignment>0x2</alignment>
         <input_file_ref idref="fl-3d"/>
      </object_component>
      <object_component id="oc-148">
         <name>.text.Sound_Killed</name>
         <load_address>0x5490</load_address>
         <readonly>true</readonly>
         <executable>true</executable>
         <run_address>0x5490</run_address>
         <size>0x14</size>
         <alignment>0x4</alignment>
         <input_file_ref idref="fl-a"/>
      </object_component>
      <object_component id="oc-13c">
         <name>.text.Sound_Shoot</name>
         <load_address>0x54a4</load_address>
         <readonly>true</readonly>
         <executable>true</executable>
         <run_address>0x54a4</run_address>
         <size>0x14</size>
         <alignment>0x4</alignment>
         <input_file_ref idref="fl-a"/>
      </object_component>
      <object_component id="oc-263">
         <name>.text.strcpy</name>
         <load_address>0x54b8</load_address>
         <readonly>true</readonly>
         <executable>true</executable>
         <run_address>0x54b8</run_address>
         <size>0x12</size>
         <alignment>0x2</alignment>
         <input_file_ref idref="fl-bd"/>
      </object_component>
      <object_component id="oc-a0">
         <name>.text:TI_memcpy_small</name>
         <load_address>0x54ca</load_address>
         <readonly>true</readonly>
         <executable>true</executable>
         <run_address>0x54ca</run_address>
         <size>0x12</size>
         <alignment>0x1</alignment>
         <input_file_ref idref="fl-d6"/>
      </object_component>
      <object_component id="oc-20">
         <name>.text:decompress:none</name>
         <load_address>0x54dc</load_address>
         <readonly>true</readonly>
         <executable>true</executable>
         <run_address>0x54dc</run_address>
         <size>0x12</size>
         <alignment>0x2</alignment>
         <input_file_ref idref="fl-3e"/>
      </object_component>
      <object_component id="oc-13e">
         <name>.text.Clock_Delay</name>
         <load_address>0x54ee</load_address>
         <readonly>true</readonly>
         <executable>true</executable>
         <run_address>0x54ee</run_address>
         <size>0x10</size>
         <alignment>0x2</alignment>
         <input_file_ref idref="fl-2"/>
      </object_component>
      <object_component id="oc-bd">
         <name>.text.Switch_In</name>
         <load_address>0x5500</load_address>
         <readonly>true</readonly>
         <executable>true</executable>
         <run_address>0x5500</run_address>
         <size>0x10</size>
         <alignment>0x4</alignment>
         <input_file_ref idref="fl-b"/>
      </object_component>
      <object_component id="oc-206">
         <name>.text.OUTLINED_FUNCTION_0</name>
         <load_address>0x5510</load_address>
         <readonly>true</readonly>
         <executable>true</executable>
         <run_address>0x5510</run_address>
         <size>0xe</size>
         <alignment>0x2</alignment>
         <input_file_ref idref="fl-3b"/>
      </object_component>
      <object_component id="oc-11c">
         <name>.text.ST7735_lseek</name>
         <load_address>0x551e</load_address>
         <readonly>true</readonly>
         <executable>true</executable>
         <run_address>0x551e</run_address>
         <size>0xe</size>
         <alignment>0x2</alignment>
         <input_file_ref idref="fl-8"/>
      </object_component>
      <object_component id="oc-213">
         <name>.text.__aeabi_memset</name>
         <load_address>0x552c</load_address>
         <readonly>true</readonly>
         <executable>true</executable>
         <run_address>0x552c</run_address>
         <size>0xe</size>
         <alignment>0x4</alignment>
         <input_file_ref idref="fl-ce"/>
      </object_component>
      <object_component id="oc-212">
         <name>.text.strlen</name>
         <load_address>0x553a</load_address>
         <readonly>true</readonly>
         <executable>true</executable>
         <run_address>0x553a</run_address>
         <size>0xe</size>
         <alignment>0x2</alignment>
         <input_file_ref idref="fl-2b"/>
      </object_component>
      <object_component id="oc-264">
         <name>.text.strlen</name>
         <load_address>0x5548</load_address>
         <readonly>true</readonly>
         <executable>true</executable>
         <run_address>0x5548</run_address>
         <size>0xe</size>
         <alignment>0x2</alignment>
         <input_file_ref idref="fl-bd"/>
      </object_component>
      <object_component id="oc-fa">
         <name>.text:TI_memset_small</name>
         <load_address>0x5556</load_address>
         <readonly>true</readonly>
         <executable>true</executable>
         <run_address>0x5556</run_address>
         <size>0xe</size>
         <alignment>0x1</alignment>
         <input_file_ref idref="fl-d7"/>
      </object_component>
      <object_component id="oc-247">
         <name>.text.Clock_Freq</name>
         <load_address>0x5564</load_address>
         <readonly>true</readonly>
         <executable>true</executable>
         <run_address>0x5564</run_address>
         <size>0xc</size>
         <alignment>0x4</alignment>
         <input_file_ref idref="fl-2"/>
      </object_component>
      <object_component id="oc-11a">
         <name>.text.ST7735_rename</name>
         <load_address>0x5570</load_address>
         <readonly>true</readonly>
         <executable>true</executable>
         <run_address>0x5570</run_address>
         <size>0xc</size>
         <alignment>0x2</alignment>
         <input_file_ref idref="fl-8"/>
      </object_component>
      <object_component id="oc-88">
         <name>.text.__aeabi_memclr</name>
         <load_address>0x557c</load_address>
         <readonly>true</readonly>
         <executable>true</executable>
         <run_address>0x557c</run_address>
         <size>0xc</size>
         <alignment>0x4</alignment>
         <input_file_ref idref="fl-ce"/>
      </object_component>
      <object_component id="oc-191">
         <name>.text.malloc</name>
         <load_address>0x5588</load_address>
         <readonly>true</readonly>
         <executable>true</executable>
         <run_address>0x5588</run_address>
         <size>0xc</size>
         <alignment>0x2</alignment>
         <input_file_ref idref="fl-3b"/>
      </object_component>
      <object_component id="oc-aa">
         <name>.text.PLL_Init</name>
         <load_address>0x5594</load_address>
         <readonly>true</readonly>
         <executable>true</executable>
         <run_address>0x5594</run_address>
         <size>0xa</size>
         <alignment>0x2</alignment>
         <input_file_ref idref="fl-5"/>
      </object_component>
      <object_component id="oc-121">
         <name>.text.ST7735_close</name>
         <load_address>0x559e</load_address>
         <readonly>true</readonly>
         <executable>true</executable>
         <run_address>0x559e</run_address>
         <size>0xa</size>
         <alignment>0x2</alignment>
         <input_file_ref idref="fl-8"/>
      </object_component>
      <object_component id="oc-11b">
         <name>.text.ST7735_unlink</name>
         <load_address>0x55a8</load_address>
         <readonly>true</readonly>
         <executable>true</executable>
         <run_address>0x55a8</run_address>
         <size>0xa</size>
         <alignment>0x2</alignment>
         <input_file_ref idref="fl-8"/>
      </object_component>
      <object_component id="oc-51">
         <name>.text.__aeabi_memcpy</name>
         <load_address>0x55b4</load_address>
         <readonly>true</readonly>
         <executable>true</executable>
         <run_address>0x55b4</run_address>
         <size>0x8</size>
         <alignment>0x4</alignment>
         <input_file_ref idref="fl-cd"/>
      </object_component>
      <object_component id="oc-15d">
         <name>.text._outc</name>
         <load_address>0x55bc</load_address>
         <readonly>true</readonly>
         <executable>true</executable>
         <run_address>0x55bc</run_address>
         <size>0x8</size>
         <alignment>0x2</alignment>
         <input_file_ref idref="fl-2a"/>
      </object_component>
      <object_component id="oc-15c">
         <name>.text._outs</name>
         <load_address>0x55c4</load_address>
         <readonly>true</readonly>
         <executable>true</executable>
         <run_address>0x55c4</run_address>
         <size>0x8</size>
         <alignment>0x2</alignment>
         <input_file_ref idref="fl-2a"/>
      </object_component>
      <object_component id="oc-2c3">
         <name>.text.fseek</name>
         <load_address>0x55cc</load_address>
         <readonly>true</readonly>
         <executable>true</executable>
         <run_address>0x55cc</run_address>
         <size>0x8</size>
         <alignment>0x2</alignment>
         <input_file_ref idref="fl-46"/>
      </object_component>
      <object_component id="oc-1fe">
         <name>.text.remove</name>
         <load_address>0x55d4</load_address>
         <readonly>true</readonly>
         <executable>true</executable>
         <run_address>0x55d4</run_address>
         <size>0x8</size>
         <alignment>0x2</alignment>
         <input_file_ref idref="fl-b3"/>
      </object_component>
      <object_component id="oc-35">
         <name>.text.Default_Handler</name>
         <load_address>0x55dc</load_address>
         <readonly>true</readonly>
         <executable>true</executable>
         <run_address>0x55dc</run_address>
         <size>0x4</size>
         <alignment>0x2</alignment>
         <input_file_ref idref="fl-f"/>
      </object_component>
      <object_component id="oc-36">
         <name>.text.HardFault_Handler</name>
         <load_address>0x55e0</load_address>
         <readonly>true</readonly>
         <executable>true</executable>
         <run_address>0x55e0</run_address>
         <size>0x4</size>
         <alignment>0x2</alignment>
         <input_file_ref idref="fl-f"/>
      </object_component>
      <object_component id="oc-31">
         <name>.text.Reset_Handler</name>
         <load_address>0x55e4</load_address>
         <readonly>true</readonly>
         <executable>true</executable>
         <run_address>0x55e4</run_address>
         <size>0x4</size>
         <alignment>0x2</alignment>
         <input_file_ref idref="fl-f"/>
      </object_component>
      <object_component id="oc-8d">
         <name>.text._system_pre_init</name>
         <load_address>0x55e8</load_address>
         <readonly>true</readonly>
         <executable>true</executable>
         <run_address>0x55e8</run_address>
         <size>0x4</size>
         <alignment>0x2</alignment>
         <input_file_ref idref="fl-4a"/>
      </object_component>
      <object_component id="oc-e0">
         <name>.text:abort</name>
         <load_address>0x55ec</load_address>
         <readonly>true</readonly>
         <executable>true</executable>
         <run_address>0x55ec</run_address>
         <size>0x4</size>
         <alignment>0x2</alignment>
         <input_file_ref idref="fl-34"/>
      </object_component>
      <object_component id="oc-33d">
         <name>.cinit..data.load</name>
         <load_address>0x7d70</load_address>
         <readonly>true</readonly>
         <run_address>0x7d70</run_address>
         <size>0x74</size>
         <alignment>0x1</alignment>
      </object_component>
      <object_component id="oc-33b">
         <name>__TI_handler_table</name>
         <load_address>0x7de4</load_address>
         <readonly>true</readonly>
         <run_address>0x7de4</run_address>
         <size>0xc</size>
         <alignment>0x4</alignment>
      </object_component>
      <object_component id="oc-33e">
         <name>.cinit..bss.load</name>
         <load_address>0x7df0</load_address>
         <readonly>true</readonly>
         <run_address>0x7df0</run_address>
         <size>0x8</size>
         <alignment>0x4</alignment>
      </object_component>
      <object_component id="oc-33c">
         <name>__TI_cinit_table</name>
         <load_address>0x7df8</load_address>
         <readonly>true</readonly>
         <run_address>0x7df8</run_address>
         <size>0x10</size>
         <alignment>0x4</alignment>
      </object_component>
      <object_component id="oc-1a3">
         <name>.rodata.shoot</name>
         <load_address>0x55f0</load_address>
         <readonly>true</readonly>
         <run_address>0x55f0</run_address>
         <size>0xff0</size>
         <alignment>0x1</alignment>
         <input_file_ref idref="fl-a"/>
      </object_component>
      <object_component id="oc-1a9">
         <name>.rodata.explosion</name>
         <load_address>0x65e0</load_address>
         <readonly>true</readonly>
         <run_address>0x65e0</run_address>
         <size>0x7d0</size>
         <alignment>0x1</alignment>
         <input_file_ref idref="fl-a"/>
      </object_component>
      <object_component id="oc-20a">
         <name>.rodata.Font</name>
         <load_address>0x6db0</load_address>
         <readonly>true</readonly>
         <run_address>0x6db0</run_address>
         <size>0x4fb</size>
         <alignment>0x1</alignment>
         <input_file_ref idref="fl-8"/>
      </object_component>
      <object_component id="oc-147">
         <name>.rodata.Clean</name>
         <load_address>0x72ac</load_address>
         <readonly>true</readonly>
         <run_address>0x72ac</run_address>
         <size>0x140</size>
         <alignment>0x2</alignment>
         <input_file_ref idref="fl-5"/>
      </object_component>
      <object_component id="oc-146">
         <name>.rodata.Dead</name>
         <load_address>0x73ec</load_address>
         <readonly>true</readonly>
         <run_address>0x73ec</run_address>
         <size>0x140</size>
         <alignment>0x2</alignment>
         <input_file_ref idref="fl-5"/>
      </object_component>
      <object_component id="oc-d1">
         <name>.rodata.SmallEnemy10pointB</name>
         <load_address>0x752c</load_address>
         <readonly>true</readonly>
         <run_address>0x752c</run_address>
         <size>0x140</size>
         <alignment>0x2</alignment>
         <input_file_ref idref="fl-5"/>
      </object_component>
      <object_component id="oc-d3">
         <name>.rodata.SmallEnemy20pointB</name>
         <load_address>0x766c</load_address>
         <readonly>true</readonly>
         <run_address>0x766c</run_address>
         <size>0x140</size>
         <alignment>0x2</alignment>
         <input_file_ref idref="fl-5"/>
      </object_component>
      <object_component id="oc-cf">
         <name>.rodata.SmallEnemy30pointA</name>
         <load_address>0x77ac</load_address>
         <readonly>true</readonly>
         <run_address>0x77ac</run_address>
         <size>0x140</size>
         <alignment>0x2</alignment>
         <input_file_ref idref="fl-5"/>
      </object_component>
      <object_component id="oc-156">
         <name>.rodata.PlayerShip0</name>
         <load_address>0x78ec</load_address>
         <readonly>true</readonly>
         <run_address>0x78ec</run_address>
         <size>0x120</size>
         <alignment>0x2</alignment>
         <input_file_ref idref="fl-5"/>
      </object_component>
      <object_component id="oc-158">
         <name>.rodata.PlayerShipX</name>
         <load_address>0x7a0c</load_address>
         <readonly>true</readonly>
         <run_address>0x7a0c</run_address>
         <size>0x120</size>
         <alignment>0x2</alignment>
         <input_file_ref idref="fl-5"/>
      </object_component>
      <object_component id="oc-171">
         <name>.rodata.Rcmd1</name>
         <load_address>0x7b2c</load_address>
         <readonly>true</readonly>
         <run_address>0x7b2c</run_address>
         <size>0x3b</size>
         <alignment>0x1</alignment>
         <input_file_ref idref="fl-8"/>
      </object_component>
      <object_component id="oc-176">
         <name>.rodata.Rcmd3</name>
         <load_address>0x7b67</load_address>
         <readonly>true</readonly>
         <run_address>0x7b67</run_address>
         <size>0x2b</size>
         <alignment>0x1</alignment>
         <input_file_ref idref="fl-8"/>
      </object_component>
      <object_component id="oc-141">
         <name>.rodata.Laser0</name>
         <load_address>0x7b92</load_address>
         <readonly>true</readonly>
         <run_address>0x7b92</run_address>
         <size>0x24</size>
         <alignment>0x2</alignment>
         <input_file_ref idref="fl-5"/>
      </object_component>
      <object_component id="oc-140">
         <name>.rodata.Laser1</name>
         <load_address>0x7bb6</load_address>
         <readonly>true</readonly>
         <run_address>0x7bb6</run_address>
         <size>0x24</size>
         <alignment>0x2</alignment>
         <input_file_ref idref="fl-5"/>
      </object_component>
      <object_component id="oc-142">
         <name>.rodata.Missile</name>
         <load_address>0x7bda</load_address>
         <readonly>true</readonly>
         <run_address>0x7bda</run_address>
         <size>0x24</size>
         <alignment>0x2</alignment>
         <input_file_ref idref="fl-5"/>
      </object_component>
      <object_component id="oc-19b">
         <name>.rodata.str1.163855073180262244261</name>
         <load_address>0x7bfe</load_address>
         <readonly>true</readonly>
         <run_address>0x7bfe</run_address>
         <size>0x16</size>
         <alignment>0x1</alignment>
         <input_file_ref idref="fl-8"/>
      </object_component>
      <object_component id="oc-dc">
         <name>.rodata.str1.169622003260282843721</name>
         <load_address>0x7c14</load_address>
         <readonly>true</readonly>
         <run_address>0x7c14</run_address>
         <size>0x14</size>
         <alignment>0x1</alignment>
         <input_file_ref idref="fl-5"/>
      </object_component>
      <object_component id="oc-c7">
         <name>.rodata.str1.166608143588835004401</name>
         <load_address>0x7c28</load_address>
         <readonly>true</readonly>
         <run_address>0x7c28</run_address>
         <size>0x12</size>
         <alignment>0x1</alignment>
         <input_file_ref idref="fl-5"/>
      </object_component>
      <object_component id="oc-c6">
         <name>.rodata.str1.140936939954907027641</name>
         <load_address>0x7c3a</load_address>
         <readonly>true</readonly>
         <run_address>0x7c3a</run_address>
         <size>0x11</size>
         <alignment>0x1</alignment>
         <input_file_ref idref="fl-5"/>
      </object_component>
      <object_component id="oc-da">
         <name>.rodata.str1.33597483660741141901</name>
         <load_address>0x7c4b</load_address>
         <readonly>true</readonly>
         <run_address>0x7c4b</run_address>
         <size>0x11</size>
         <alignment>0x1</alignment>
         <input_file_ref idref="fl-5"/>
      </object_component>
      <object_component id="oc-c9">
         <name>.rodata.str1.37815664167421151901</name>
         <load_address>0x7c5c</load_address>
         <readonly>true</readonly>
         <run_address>0x7c5c</run_address>
         <size>0x11</size>
         <alignment>0x1</alignment>
         <input_file_ref idref="fl-5"/>
      </object_component>
      <object_component id="oc-218">
         <name>.rodata.str1.44690500295887128011</name>
         <load_address>0x7c6d</load_address>
         <readonly>true</readonly>
         <run_address>0x7c6d</run_address>
         <size>0x11</size>
         <alignment>0x1</alignment>
         <input_file_ref idref="fl-2b"/>
      </object_component>
      <object_component id="oc-ce">
         <name>.rodata.str1.90599160581273653951</name>
         <load_address>0x7c7e</load_address>
         <readonly>true</readonly>
         <run_address>0x7c7e</run_address>
         <size>0x11</size>
         <alignment>0x1</alignment>
         <input_file_ref idref="fl-5"/>
      </object_component>
      <object_component id="oc-db">
         <name>.rodata.str1.70005645328161215661</name>
         <load_address>0x7c8f</load_address>
         <readonly>true</readonly>
         <run_address>0x7c8f</run_address>
         <size>0x10</size>
         <alignment>0x1</alignment>
         <input_file_ref idref="fl-5"/>
      </object_component>
      <object_component id="oc-de">
         <name>.rodata.str1.164248177534203063261</name>
         <load_address>0x7c9f</load_address>
         <readonly>true</readonly>
         <run_address>0x7c9f</run_address>
         <size>0xf</size>
         <alignment>0x1</alignment>
         <input_file_ref idref="fl-5"/>
      </object_component>
      <object_component id="oc-cd">
[...]
         <name>Switch_In</name>
         <value>0x5501</value>
         <object_component_ref idref="oc-bd"/>
      </symbol>
      <symbol id="sm-193">
         <name>TIMG7_IRQHandler</name>
         <value>0x4e1d</value>
         <object_component_ref idref="oc-3c"/>
      </symbol>
      <symbol id="sm-194">
         <name>TExaSadc</name>
         <value>0x20200254</value>
      </symbol>
      <symbol id="sm-195">
         <name>TExaSLogic</name>
         <value>0x20200250</value>
      </symbol>
      <symbol id="sm-19f">
         <name>TimerG12_IntArm</name>
         <value>0x42c5</value>
         <object_component_ref idref="oc-137"/>
      </symbol>
      <symbol id="sm-1ad">
         <name>Default_Handler</name>
         <value>0x55dd</value>
         <object_component_ref idref="oc-35"/>
      </symbol>
      <symbol id="sm-1ae">
         <name>Reset_Handler</name>
         <value>0x55e5</value>
         <object_component_ref idref="oc-31"/>
      </symbol>
      <symbol id="sm-1af">
         <name>HardFault_Handler</name>
         <value>0x55e1</value>
         <object_component_ref idref="oc-36"/>
      </symbol>
      <symbol id="sm-1b0">
         <name>interruptVectors</name>
         <value>0x0</value>
         <object_component_ref idref="oc-18"/>
      </symbol>
      <symbol id="sm-1b1">
         <name>NMI_Handler</name>
         <value>0x55dd</value>
         <object_component_ref idref="oc-35"/>
      </symbol>
      <symbol id="sm-1b2">
         <name>SVC_Handler</name>
         <value>0x55dd</value>
         <object_component_ref idref="oc-35"/>
      </symbol>
      <symbol id="sm-1b3">
         <name>PendSV_Handler</name>
         <value>0x55dd</value>
         <object_component_ref idref="oc-35"/>
      </symbol>
      <symbol id="sm-1b4">
         <name>GROUP0_IRQHandler</name>
         <value>0x55dd</value>
         <object_component_ref idref="oc-35"/>
      </symbol>
      <symbol id="sm-1b5">
         <name>GROUP1_IRQHandler</name>
         <value>0x55dd</value>
         <object_component_ref idref="oc-35"/>
      </symbol>
      <symbol id="sm-1b6">
         <name>TIMG8_IRQHandler</name>
         <value>0x55dd</value>
         <object_component_ref idref="oc-35"/>
      </symbol>
      <symbol id="sm-1b7">
         <name>UART3_IRQHandler</name>
         <value>0x55dd</value>
         <object_component_ref idref="oc-35"/>
      </symbol>
      <symbol id="sm-1b8">
         <name>ADC0_IRQHandler</name>
         <value>0x55dd</value>
         <object_component_ref idref="oc-35"/>
      </symbol>
      <symbol id="sm-1b9">
         <name>ADC1_IRQHandler</name>
         <value>0x55dd</value>
         <object_component_ref idref="oc-35"/>
      </symbol>
      <symbol id="sm-1ba">
         <name>CANFD0_IRQHandler</name>
         <value>0x55dd</value>
         <object_component_ref idref="oc-35"/>
      </symbol>
      <symbol id="sm-1bb">
         <name>DAC0_IRQHandler</name>
         <value>0x55dd</value>
         <object_component_ref idref="oc-35"/>
      </symbol>
      <symbol id="sm-1bc">
         <name>SPI0_IRQHandler</name>
         <value>0x55dd</value>
         <object_component_ref idref="oc-35"/>
      </symbol>
      <symbol id="sm-1bd">
         <name>SPI1_IRQHandler</name>
         <value>0x55dd</value>
         <object_component_ref idref="oc-35"/>
      </symbol>
      <symbol id="sm-1be">
         <name>UART1_IRQHandler</name>
         <value>0x55dd</value>
         <object_component_ref idref="oc-35"/>
      </symbol>
      <symbol id="sm-1bf">
         <name>UART2_IRQHandler</name>
         <value>0x55dd</value>
         <object_component_ref idref="oc-35"/>
      </symbol>
      <symbol id="sm-1c0">
         <name>UART0_IRQHandler</name>
         <value>0x55dd</value>
         <object_component_ref idref="oc-35"/>
      </symbol>
      <symbol id="sm-1c1">
         <name>TIMG0_IRQHandler</name>
         <value>0x55dd</value>
         <object_component_ref idref="oc-35"/>
      </symbol>
      <symbol id="sm-1c2">
         <name>TIMG6_IRQHandler</name>
         <value>0x55dd</value>
         <object_component_ref idref="oc-35"/>
      </symbol>
      <symbol id="sm-1c3">
         <name>TIMA0_IRQHandler</name>
         <value>0x55dd</value>
         <object_component_ref idref="oc-35"/>
      </symbol>
      <symbol id="sm-1c4">
         <name>TIMA1_IRQHandler</name>
         <value>0x55dd</value>
         <object_component_ref idref="oc-35"/>
      </symbol>
      <symbol id="sm-1c5">
         <name>I2C0_IRQHandler</name>
         <value>0x55dd</value>
         <object_component_ref idref="oc-35"/>
      </symbol>
      <symbol id="sm-1c6">
         <name>I2C1_IRQHandler</name>
         <value>0x55dd</value>
         <object_component_ref idref="oc-35"/>
      </symbol>
      <symbol id="sm-1c7">
         <name>AES_IRQHandler</name>
         <value>0x55dd</value>
         <object_component_ref idref="oc-35"/>
      </symbol>
      <symbol id="sm-1c8">
         <name>RTC_IRQHandler</name>
         <value>0x55dd</value>
         <object_component_ref idref="oc-35"/>
      </symbol>
      <symbol id="sm-1c9">
         <name>DMA_IRQHandler</name>
         <value>0x55dd</value>
         <object_component_ref idref="oc-35"/>
      </symbol>
      <symbol id="sm-1ca">
         <name>__TI_ATRegion0_src_addr</name>
         <value>0x0</value>
      </symbol>
      <symbol id="sm-1cb">
         <name>__TI_ATRegion0_trg_addr</name>
         <value>0x0</value>
      </symbol>
      <symbol id="sm-1cc">
         <name>__TI_ATRegion0_region_sz</name>
         <value>0x0</value>
      </symbol>
      <symbol id="sm-1cd">
         <name>__TI_ATRegion1_src_addr</name>
         <value>0x0</value>
      </symbol>
      <symbol id="sm-1ce">
         <name>__TI_ATRegion1_trg_addr</name>
         <value>0x0</value>
      </symbol>
      <symbol id="sm-1cf">
         <name>__TI_ATRegion1_region_sz</name>
         <value>0x0</value>
      </symbol>
      <symbol id="sm-1d0">
         <name>__TI_ATRegion2_src_addr</name>
         <value>0x0</value>
      </symbol>
      <symbol id="sm-1d1">
         <name>__TI_ATRegion2_trg_addr</name>
         <value>0x0</value>
      </symbol>
      <symbol id="sm-1d2">
         <name>__TI_ATRegion2_region_sz</name>
         <value>0x0</value>
      </symbol>
      <symbol id="sm-1e3">
         <name>printf</name>
         <value>0x49ed</value>
         <object_component_ref idref="oc-c0"/>
      </symbol>
      <symbol id="sm-1f9">
         <name>__TI_printfi_minimal</name>
         <value>0x2d91</value>
         <object_component_ref idref="oc-1ad"/>
      </symbol>
      <symbol id="sm-212">
         <name>fopen</name>
         <value>0x51c9</value>
         <object_component_ref idref="oc-10f"/>
      </symbol>
      <symbol id="sm-213">
         <name>__TI_cleanup</name>
         <value>0x5095</value>
         <object_component_ref idref="oc-192"/>
      </symbol>
      <symbol id="sm-214">
         <name>freopen</name>
         <value>0x5165</value>
         <object_component_ref idref="oc-115"/>
      </symbol>
      <symbol id="sm-21f">
         <name>fputc</name>
         <value>0x4191</value>
         <object_component_ref idref="oc-1c1"/>
      </symbol>
      <symbol id="sm-22a">
         <name>fputs</name>
         <value>0x3a29</value>
         <object_component_ref idref="oc-1bb"/>
      </symbol>
      <symbol id="sm-234">
         <name>__TI_wrt_ok</name>
         <value>0x4869</value>
         <object_component_ref idref="oc-239"/>
      </symbol>
      <symbol id="sm-23e">
         <name>setvbuf</name>
         <value>0x3dfd</value>
         <object_component_ref idref="oc-116"/>
      </symbol>
      <symbol id="sm-24f">
         <name>abort</name>
         <value>0x55ed</value>
         <object_component_ref idref="oc-e0"/>
      </symbol>
      <symbol id="sm-250">
         <name>C$$EXIT</name>
         <value>0x55ec</value>
         <object_component_ref idref="oc-e0"/>
      </symbol>
      <symbol id="sm-251">
         <name>__TI_cleanup_ptr</name>
         <value>0x20200620</value>
         <object_component_ref idref="oc-163"/>
      </symbol>
      <symbol id="sm-252">
         <name>__TI_dtors_ptr</name>
         <value>0x20200624</value>
         <object_component_ref idref="oc-163"/>
      </symbol>
      <symbol id="sm-253">
         <name>exit</name>
         <value>0x5131</value>
         <object_component_ref idref="oc-e5"/>
      </symbol>
      <symbol id="sm-25c">
         <name>_nop</name>
         <value>0x4ba3</value>
         <object_component_ref idref="oc-1b5"/>
      </symbol>
      <symbol id="sm-25d">
         <name>_lock</name>
         <value>0x20200644</value>
         <object_component_ref idref="oc-15a"/>
      </symbol>
      <symbol id="sm-25e">
         <name>_unlock</name>
         <value>0x20200648</value>
         <object_component_ref idref="oc-15e"/>
      </symbol>
      <symbol id="sm-266">
         <name>_ftable</name>
         <value>0x20200468</value>
         <object_component_ref idref="oc-124"/>
      </symbol>
      <symbol id="sm-267">
         <name>__TI_ft_end</name>
         <value>0x20200640</value>
         <object_component_ref idref="oc-1ef"/>
      </symbol>
      <symbol id="sm-268">
         <name>__TI_tmpnams</name>
         <value>0x20200120</value>
         <object_component_ref idref="oc-202"/>
      </symbol>
      <symbol id="sm-271">
         <name>memccpy</name>
         <value>0x5369</value>
         <object_component_ref idref="oc-214"/>
      </symbol>
      <symbol id="sm-294">
         <name>malloc</name>
         <value>0x5589</value>
         <object_component_ref idref="oc-191"/>
      </symbol>
      <symbol id="sm-295">
         <name>aligned_alloc</name>
         <value>0x36d9</value>
         <object_component_ref idref="oc-208"/>
      </symbol>
      <symbol id="sm-296">
         <name>free</name>
         <value>0x3d11</value>
         <object_component_ref idref="oc-18f"/>
      </symbol>
      <symbol id="sm-297">
         <name>_sys_memory</name>
         <value>0x20200268</value>
         <object_component_ref idref="oc-2f"/>
      </symbol>
      <symbol id="sm-298">
         <name>memalign</name>
         <value>0x36d9</value>
         <object_component_ref idref="oc-208"/>
      </symbol>
      <symbol id="sm-2a3">
         <name>__TI_zero_init_nomemset</name>
         <value>0x5479</value>
         <object_component_ref idref="oc-58"/>
      </symbol>
      <symbol id="sm-2ac">
         <name>__TI_decompress_none</name>
         <value>0x54dd</value>
         <object_component_ref idref="oc-20"/>
      </symbol>
      <symbol id="sm-2b7">
         <name>__TI_decompress_lzss</name>
         <value>0x45d5</value>
         <object_component_ref idref="oc-1c"/>
      </symbol>
      <symbol id="sm-2c2">
         <name>_c_int00_noargs</name>
         <value>0x52f5</value>
         <object_component_ref idref="oc-61"/>
      </symbol>
      <symbol id="sm-2c3">
         <name>__stack</name>
         <value>0x20207e00</value>
         <object_component_ref idref="oc-1a"/>
      </symbol>
      <symbol id="sm-2d1">
         <name>__TI_closefile</name>
         <value>0x44e1</value>
         <object_component_ref idref="oc-189"/>
      </symbol>
      <symbol id="sm-2db">
         <name>__TI_doflush</name>
         <value>0x4b51</value>
         <object_component_ref idref="oc-1f4"/>
      </symbol>
      <symbol id="sm-2e8">
         <name>fseek</name>
         <value>0x55cd</value>
         <object_component_ref idref="oc-2c3"/>
      </symbol>
      <symbol id="sm-2e9">
         <name>fseeko</name>
         <value>0x4795</value>
         <object_component_ref idref="oc-2ee"/>
      </symbol>
      <symbol id="sm-2f5">
         <name>__TI_auto_init_nobinit_nopinit</name>
         <value>0x4edd</value>
         <object_component_ref idref="oc-e7"/>
      </symbol>
      <symbol id="sm-2fd">
         <name>_system_pre_init</name>
         <value>0x55e9</value>
         <object_component_ref idref="oc-8d"/>
      </symbol>
      <symbol id="sm-308">
         <name>write</name>
         <value>0x52cd</value>
         <object_component_ref idref="oc-23f"/>
      </symbol>
      <symbol id="sm-30d">
         <name>_device</name>
         <value>0x20200558</value>
         <object_component_ref idref="oc-180"/>
      </symbol>
      <symbol id="sm-30e">
         <name>_stream</name>
         <value>0x202005d0</value>
         <object_component_ref idref="oc-269"/>
      </symbol>
      <symbol id="sm-317">
         <name>remove</name>
         <value>0x55d5</value>
         <object_component_ref idref="oc-1fe"/>
      </symbol>
      <symbol id="sm-323">
         <name>open</name>
         <value>0x3fa9</value>
         <object_component_ref idref="oc-1f0"/>
      </symbol>
      <symbol id="sm-32d">
         <name>lseek</name>
         <value>0x52a5</value>
         <object_component_ref idref="oc-2f3"/>
      </symbol>
      <symbol id="sm-337">
         <name>close</name>
         <value>0x4ba5</value>
         <object_component_ref idref="oc-1fa"/>
      </symbol>
      <symbol id="sm-343">
         <name>add_device</name>
         <value>0x3c25</value>
         <object_component_ref idref="oc-10b"/>
      </symbol>
      <symbol id="sm-34d">
         <name>unlink</name>
         <value>0x5251</value>
         <object_component_ref idref="oc-272"/>
      </symbol>
      <symbol id="sm-357">
         <name>HOSTclose</name>
         <value>0x4bf5</value>
         <object_component_ref idref="oc-1d2"/>
      </symbol>
      <symbol id="sm-361">
         <name>HOSTlseek</name>
         <value>0x46bd</value>
         <object_component_ref idref="oc-1de"/>
      </symbol>
      <symbol id="sm-36b">
         <name>HOSTopen</name>
         <value>0x4931</value>
         <object_component_ref idref="oc-1ce"/>
      </symbol>
      <symbol id="sm-36c">
         <name>parmbuf</name>
         <value>0x20200238</value>
         <object_component_ref idref="oc-250"/>
      </symbol>
      <symbol id="sm-376">
         <name>HOSTread</name>
         <value>0x4a49</value>
         <object_component_ref idref="oc-1d6"/>
      </symbol>
      <symbol id="sm-387">
         <name>HOSTrename</name>
         <value>0x4729</value>
         <object_component_ref idref="oc-1e6"/>
      </symbol>
      <symbol id="sm-391">
         <name>HOSTunlink</name>
         <value>0x4c3d</value>
         <object_component_ref idref="oc-1e2"/>
      </symbol>
      <symbol id="sm-39b">
         <name>HOSTwrite</name>
         <value>0x4aa1</value>
         <object_component_ref idref="oc-1da"/>
      </symbol>
      <symbol id="sm-3a9">
         <name>C$$IO$$</name>
         <value>0x5129</value>
         <object_component_ref idref="oc-249"/>
      </symbol>
      <symbol id="sm-3aa">
         <name>__TI_writemsg</name>
         <value>0x50fd</value>
         <object_component_ref idref="oc-249"/>
      </symbol>
      <symbol id="sm-3ab">
         <name>__CIOBUF_</name>
         <value>0x20200000</value>
         <object_component_ref idref="oc-2ce"/>
      </symbol>
      <symbol id="sm-3ac">
         <name>__TI_readmsg</name>
         <value>0x50c9</value>
         <object_component_ref idref="oc-24f"/>
      </symbol>
      <symbol id="sm-3ad">
         <name>_CIOBUF_</name>
         <value>0x20200000</value>
         <object_component_ref idref="oc-2ce"/>
      </symbol>
      <symbol id="sm-3b3">
         <name>__aeabi_ddiv</name>
         <value>0x391d</value>
         <object_component_ref idref="oc-14e"/>
      </symbol>
      <symbol id="sm-3b4">
         <name>__divdf3</name>
         <value>0x391d</value>
         <object_component_ref idref="oc-14e"/>
      </symbol>
      <symbol id="sm-3ba">
         <name>__aeabi_d2uiz</name>
         <value>0x4d99</value>
         <object_component_ref idref="oc-152"/>
      </symbol>
      <symbol id="sm-3bb">
         <name>__fixunsdfsi</name>
         <value>0x4d99</value>
         <object_component_ref idref="oc-152"/>
      </symbol>
      <symbol id="sm-3c1">
         <name>__aeabi_ui2d</name>
         <value>0x5345</value>
         <object_component_ref idref="oc-14a"/>
      </symbol>
      <symbol id="sm-3c2">
         <name>__floatunsidf</name>
         <value>0x5345</value>
         <object_component_ref idref="oc-14a"/>
      </symbol>
      <symbol id="sm-3c8">
         <name>__aeabi_memcpy</name>
         <value>0x55b5</value>
         <object_component_ref idref="oc-51"/>
      </symbol>
      <symbol id="sm-3c9">
         <name>__aeabi_memcpy4</name>
         <value>0x55b5</value>
         <object_component_ref idref="oc-51"/>
      </symbol>
      <symbol id="sm-3ca">
         <name>__aeabi_memcpy8</name>
         <value>0x55b5</value>
         <object_component_ref idref="oc-51"/>
      </symbol>
      <symbol id="sm-3d3">
         <name>__aeabi_memset</name>
         <value>0x552d</value>
         <object_component_ref idref="oc-213"/>
      </symbol>
      <symbol id="sm-3d4">
         <name>__aeabi_memset4</name>
         <value>0x552d</value>
         <object_component_ref idref="oc-213"/>
      </symbol>
      <symbol id="sm-3d5">
         <name>__aeabi_memset8</name>
         <value>0x552d</value>
         <object_component_ref idref="oc-213"/>
      </symbol>
      <symbol id="sm-3d6">
         <name>__aeabi_memclr</name>
         <value>0x557d</value>
         <object_component_ref idref="oc-88"/>
      </symbol>
      <symbol id="sm-3d7">
         <name>__aeabi_memclr4</name>
         <value>0x557d</value>
         <object_component_ref idref="oc-88"/>
      </symbol>
      <symbol id="sm-3d8">
         <name>__aeabi_memclr8</name>
         <value>0x557d</value>
         <object_component_ref idref="oc-88"/>
      </symbol>
      <symbol id="sm-3de">
         <name>__aeabi_uidiv</name>
         <value>0x4e5d</value>
         <object_component_ref idref="oc-1a5"/>
      </symbol>
      <symbol id="sm-3df">
         <name>__aeabi_uidivmod</name>
         <value>0x4e5d</value>
         <object_component_ref idref="oc-1a5"/>
      </symbol>
      <symbol id="sm-3ea">
         <name>__aeabi_idiv0</name>
         <value>0x40f3</value>
         <object_component_ref idref="oc-20c"/>
      </symbol>
      <symbol id="sm-3f8">
         <name>finddevice</name>
         <value>0x4fc1</value>
         <object_component_ref idref="oc-179"/>
      </symbol>
      <symbol id="sm-3f9">
         <name>getdevice</name>
         <value>0x4801</value>
         <object_component_ref idref="oc-267"/>
      </symbol>
      <symbol id="sm-402">
         <name>TI_memcpy_small</name>
         <value>0x54cb</value>
         <object_component_ref idref="oc-a0"/>
      </symbol>
      <symbol id="sm-40b">
         <name>TI_memset_small</name>
         <value>0x5557</value>
         <object_component_ref idref="oc-fa"/>
      </symbol>
      <symbol id="sm-40c">
         <name>__TI_static_base__</name>
         <value>0x0</value>
      </symbol>
      <symbol id="sm-40f">
         <name>__mpu_init</name>
         <value>0x0</value>
      </symbol>
      <symbol id="sm-410">
         <name>_system_post_cinit</name>
         <value>0x0</value>
      </symbol>
   </symbol_table>
   <title>Link successful</title>
</link_info>
